// Jest Snapshot v1, https://goo.gl/fbAQLP

exports[`Tests on <TodoApp /> should show correctly 1`] = `
<div>
  <h1>
    TodoApp ( 
    0
     )
  </h1>
  <hr />
  <div
    className="row"
  >
    <div
      className="col-7"
    >
      <TodoList
        handleDelete={[Function]}
        handleToggle={[Function]}
        todos={Array []}
      />
    </div>
    <div
      className="col-5"
    >
      <TodoAdd
        hanldeAddTodo={[Function]}
      />
    </div>
  </div>
</div>
`;
