// Jest Snapshot v1, https://goo.gl/fbAQLP

exports[`Tests on <HomeScreen /> should show correctly 1`] = `
<div>
  <h1>
    HomeScreen
  </h1>
  <hr />
  <pre>
    {
   "name": "Andres",
   "email": "andresmotta9@gmail.com"
}
  </pre>
</div>
`;
