// Jest Snapshot v1, https://goo.gl/fbAQLP

exports[`Test on TodoListItem should match <TodoListItem /> correctly 1`] = `
<li
  className="list-group-item"
  key="1"
>
  <p
    className="false"
    onClick={[Function]}
  >
    1
     
    Learn react
  </p>
  <button
    className="btn btn-danger"
    onClick={[Function]}
  >
    Delete
  </button>
</li>
`;
