// Jest Snapshot v1, https://goo.gl/fbAQLP

exports[`Tests on HookApp component should match <HookApp /> exactly 1`] = `
<div>
  <h1>
    Hello world!
  </h1>
</div>
`;
